// Jest Snapshot v1, https://goo.gl/fbAQLP

exports[`<PostCard /> should match snapshot 1`] = `
<div>
  <div
    class="flex flex-col bg-white h-full relative"
  >
    <div
      class="relative"
    >
      <img
        alt="Post"
        src="/test-image.jpg"
        width="100%"
      />
    </div>
    <div
      class="flex flex-col flex-grow p-12"
    >
      <div
        class="chipDark mb-4 inline-block"
      >
        Post card category
      </div>
      <h3
        class="flex-grow pb-20 text-3xl leading-tight"
        data-testid="postcardTitle"
      >
        Post card title
      </h3>
      <p
        class="caption"
      >
        12/04/1992
      </p>
    </div>
    <a
      class="absolute top-0 bottom-0 left-0 right-0"
      href="/test"
    >
      <span
        class="sr-only"
      >
        Post card title
      </span>
    </a>
  </div>
</div>
`;
