// Jest Snapshot v1, https://goo.gl/fbAQLP

exports[`<Header /> should match snapshot 1`] = `
<div>
  <div
    class="headerContainer"
  >
    <div
      class="container mx-auto pl-6 pr-6 md:pl-0 md:pr-0"
    >
      <div
        class="header"
      >
        <p
          class="text-xl sm:text-3xl"
        >
          Test Site
        </p>
        <nav>
          <ol
            class="headerNavigation"
          >
            <li
              data-testid="headerNavigationLink"
            >
              <a
                href="/link-1"
              >
                Link 1
              </a>
            </li>
            <li
              data-testid="headerNavigationLink"
            >
              <a
                href="/link-2"
              >
                Link 2
              </a>
            </li>
            <li
              data-testid="headerNavigationLink"
            >
              <a
                href="/link-3"
              >
                Link 3
              </a>
            </li>
          </ol>
        </nav>
      </div>
    </div>
  </div>
</div>
`;
