// Jest Snapshot v1, https://goo.gl/fbAQLP

exports[`<ProductCard /> should match snapshot 1`] = `
<div>
  <div
    class="bg-white pr-12 pt-12 pb-12 pl-12 relative"
  >
    <img
      alt="Lips"
      class="h-12"
      src="//test-product.jpg"
    />
    <h2
      class="mt-8 mb-2 text-3xl tracking-wide"
      data-testid="productCardIconTitle"
    >
      Test title product icon card
    </h2>
    <p
      class="mb-12"
    >
      I am a test excerpt
    </p>
    <div
      class="flex justify-end items-end"
    >
       
      <svg
        class="mr-2 text-gray-900"
        fill="none"
        height="24"
        stroke="currentColor"
        stroke-linecap="round"
        stroke-linejoin="round"
        stroke-width="2"
        viewBox="0 0 24 24"
        width="24"
        xmlns="http://www.w3.org/2000/svg"
      >
        <line
          x1="5"
          x2="19"
          y1="12"
          y2="12"
        />
        <polyline
          points="12 5 19 12 12 19"
        />
      </svg>
    </div>
    <a
      class="absolute top-0 bottom-0 left-0 right-0"
      href="/test-product"
    >
      <span
        class="sr-only"
      >
        Test title product icon card
      </span>
    </a>
  </div>
</div>
`;
