// Jest Snapshot v1, https://goo.gl/fbAQLP

exports[`<CTABlock /> should match snapshot 1`] = `
<div>
  <div
    class="bg-gray-100"
  >
    <div
      class="container mx-auto text-center pt-24 pb-24 w-9/12 md:w-8/12 lg:w-5/12"
    >
      <div
        class="pl-4 pr-4"
      >
        <h2
          class="uppercase mb-2 md:text-6xl"
        >
          Book your appointment 
          <i
            class="lowercase"
          >
            today.
          </i>
        </h2>
        <p
          class="mt-6 mx-auto mb-4"
        >
          Book your appointment with Dr Yalda today. A bespoke consultation, without obligation, is provided before each treatment.
        </p>
        <a
          class="btnPrimary inline-block mt-8"
          href="/contact"
        >
          Book a consultation
        </a>
      </div>
    </div>
  </div>
</div>
`;
